// Vitest Snapshot v1, https://vitest.dev/guide/snapshot.html

exports[`chart.toOpenAPI() — serialized public output > 'no schemas' 1`] = `"{"openapi":"3.1.0","info":{"title":"FlowChart: Order","version":"1.0.0","description":"FlowChart: Order\\nSteps:\\n1. Order — Receive an order\\n2. Assess — Assess the order"},"paths":{"/order-v2":{"post":{"summary":"FlowChart: Order","description":"FlowChart: Order\\nSteps:\\n1. Order — Receive an order\\n2. Assess — Assess the order","responses":{"200":{"description":"Success"}}}}}}"`;

exports[`chart.toOpenAPI() — serialized public output > 'raw input and output' 1`] = `"{"openapi":"3.1.0","info":{"title":"FlowChart: Order","version":"1.0.0","description":"FlowChart: Order\\nSteps:\\n1. Order — Receive an order\\n2. Assess — Assess the order"},"paths":{"/order-v2":{"post":{"summary":"FlowChart: Order","description":"FlowChart: Order\\nSteps:\\n1. Order — Receive an order\\n2. Assess — Assess the order","requestBody":{"content":{"application/json":{"schema":{"type":"object","properties":{"amount":{"type":"number"}},"required":["amount"]}}}},"responses":{"200":{"description":"Success","content":{"application/json":{"schema":{"type":"object","properties":{"status":{"type":"string"}}}}}}}}}}}"`;

exports[`chart.toOpenAPI() — serialized public output > 'raw input only' 1`] = `"{"openapi":"3.1.0","info":{"title":"FlowChart: Order","version":"1.0.0","description":"FlowChart: Order\\nSteps:\\n1. Order — Receive an order\\n2. Assess — Assess the order"},"paths":{"/order-v2":{"post":{"summary":"FlowChart: Order","description":"FlowChart: Order\\nSteps:\\n1. Order — Receive an order\\n2. Assess — Assess the order","requestBody":{"content":{"application/json":{"schema":{"type":"object","properties":{"amount":{"type":"number"}},"required":["amount"]}}}},"responses":{"200":{"description":"Success"}}}}}}"`;

exports[`chart.toOpenAPI() — serialized public output > 'raw output only' 1`] = `"{"openapi":"3.1.0","info":{"title":"FlowChart: Order","version":"1.0.0","description":"FlowChart: Order\\nSteps:\\n1. Order — Receive an order\\n2. Assess — Assess the order"},"paths":{"/order-v2":{"post":{"summary":"FlowChart: Order","description":"FlowChart: Order\\nSteps:\\n1. Order — Receive an order\\n2. Assess — Assess the order","responses":{"200":{"description":"Success","content":{"application/json":{"schema":{"type":"object","properties":{"status":{"type":"string"}}}}}}}}}}}"`;

exports[`chart.toOpenAPI() — serialized public output > caches only calls without options and isolates parameterized results 1`] = `"{"openapi":"3.1.0","info":{"title":"Separate API","version":"1.0.0","description":"FlowChart: Order\\nSteps:\\n1. Order — Receive an order\\n2. Assess — Assess the order"},"paths":{"/separate":{"post":{"summary":"Separate API","description":"FlowChart: Order\\nSteps:\\n1. Order — Receive an order\\n2. Assess — Assess the order","requestBody":{"content":{"application/json":{"schema":{"type":"object","properties":{"amount":{"type":"number"}},"required":["amount"]}}}},"responses":{"200":{"description":"Success","content":{"application/json":{"schema":{"type":"object","properties":{"status":{"type":"string"}}}}}}}}}}}"`;

exports[`chart.toOpenAPI() — serialized public output > falls back to /execute when a stage id contains no path characters 1`] = `"{"openapi":"3.1.0","info":{"title":"FlowChart: Symbols","version":"1.0.0","description":"FlowChart: Symbols\\nSteps:\\n1. Symbols"},"paths":{"/execute":{"post":{"summary":"FlowChart: Symbols","description":"FlowChart: Symbols\\nSteps:\\n1. Symbols","responses":{"200":{"description":"Success"}}}}}}"`;

exports[`chart.toOpenAPI() — serialized public output > normalizes 'Zod 3' schemas 1`] = `"{"openapi":"3.1.0","info":{"title":"FlowChart: Order","version":"1.0.0","description":"FlowChart: Order\\nSteps:\\n1. Order — Receive an order\\n2. Assess — Assess the order"},"paths":{"/order-v2":{"post":{"summary":"FlowChart: Order","description":"FlowChart: Order\\nSteps:\\n1. Order — Receive an order\\n2. Assess — Assess the order","requestBody":{"content":{"application/json":{"schema":{"type":"object","properties":{"amount":{"type":"number"},"note":{"type":"string"}},"required":["amount"]}}}},"responses":{"200":{"description":"Success","content":{"application/json":{"schema":{"type":"object","properties":{"accepted":{"type":"boolean"}},"required":["accepted"]}}}}}}}}}"`;

exports[`chart.toOpenAPI() — serialized public output > normalizes 'Zod 4' schemas 1`] = `"{"openapi":"3.1.0","info":{"title":"FlowChart: Order","version":"1.0.0","description":"FlowChart: Order\\nSteps:\\n1. Order — Receive an order\\n2. Assess — Assess the order"},"paths":{"/order-v2":{"post":{"summary":"FlowChart: Order","description":"FlowChart: Order\\nSteps:\\n1. Order — Receive an order\\n2. Assess — Assess the order","requestBody":{"content":{"application/json":{"schema":{"type":"object","properties":{"amount":{"type":"number"},"note":{"type":"string"}},"required":["amount"]}}}},"responses":{"200":{"description":"Success","content":{"application/json":{"schema":{"type":"object","properties":{"accepted":{"type":"boolean"}},"required":["accepted"]}}}}}}}}}"`;

exports[`chart.toOpenAPI() — serialized public output > overrides info metadata and path while retaining the chart operation description 1`] = `"{"openapi":"3.1.0","info":{"title":"Order API","version":"2.3.0","description":"External API documentation"},"paths":{"/api/orders":{"post":{"summary":"Order API","description":"FlowChart: Order\\nSteps:\\n1. Order — Receive an order\\n2. Assess — Assess the order","requestBody":{"content":{"application/json":{"schema":{"type":"object","properties":{"amount":{"type":"number"}},"required":["amount"]}}}},"responses":{"200":{"description":"Success","content":{"application/json":{"schema":{"type":"object","properties":{"status":{"type":"string"}}}}}}}}}}}"`;

exports[`chart.toOpenAPI() — serialized public output > preserves explicit empty metadata and path options 1`] = `"{"openapi":"3.1.0","info":{"title":"","version":"","description":""},"paths":{"":{"post":{"summary":"","description":"FlowChart: Order\\nSteps:\\n1. Order — Receive an order\\n2. Assess — Assess the order","responses":{"200":{"description":"Success"}}}}}}"`;
